
> mendanize@0.1.0 build
> next build

▲ Next.js 16.2.6 (Turbopack)
- Environments: .env.local

⚠ The "middleware" file convention is deprecated. Please use "proxy" instead. Learn more: https://nextjs.org/docs/messages/middleware-to-proxy
  Creating an optimized production build ...
✓ Compiled successfully in 7.0min
  Running TypeScript ...
  Finished TypeScript in 6.2min ...
  Collecting page data using 3 workers ...
  Generating static pages using 3 workers (0/33) ...
  Generating static pages using 3 workers (8/33) 
  Generating static pages using 3 workers (16/33) 
  Generating static pages using 3 workers (24/33) 
✓ Generating static pages using 3 workers (33/33) in 22.7s
  Finalizing page optimization ...

Route (app)
┌ ○ /
├ ○ /_not-found
├ ○ /admin
├ ƒ /api/ai/chat
├ ƒ /api/ai/tools
├ ƒ /api/auth/[...nextauth]
├ ƒ /api/auth/register
├ ƒ /api/generate
├ ○ /blog
├ ○ /dashboard
├ ○ /learn
├ ● /learn/[slug]
│ ├ /learn/ai-blogging-fundamentals
│ ├ /learn/seo-for-beginners
│ └ /learn/monetize-your-blog
├ ○ /onboarding
├ ○ /pricing
├ ○ /robots.txt
├ ○ /sign-in
├ ○ /sign-up
├ ○ /sitemap.xml
├ ○ /tools
├ ● /tools/[toolId]
│ ├ /tools/blog-generator
│ ├ /tools/seo-generator
│ ├ /tools/social-caption
│ └ [+7 more paths]
├ ○ /tools/blog-generator
└ ○ /workspace


ƒ Proxy (Middleware)

○  (Static)   prerendered as static content
●  (SSG)      prerendered as static HTML (uses generateStaticParams)
ƒ  (Dynamic)  server-rendered on demand

